Analysis & Synthesis report for toplevel
Tue Jul  8 10:36:46 2025
Quartus Prime Version 21.1.0 Build 842 10/21/2021 SJ Lite Edition


---------------------
; Table of Contents ;
---------------------
  1. Legal Notice
  2. Analysis & Synthesis Summary
  3. Analysis & Synthesis Settings
  4. Parallel Compilation
  5. Analysis & Synthesis Source Files Read
  6. Analysis & Synthesis Resource Usage Summary
  7. Analysis & Synthesis Resource Utilization by Entity
  8. General Register Statistics
  9. Multiplexer Restructuring Statistics (Restructuring Performed)
 10. Parameter Settings for Inferred Entity Instance: lpm_divide:Mod0
 11. Parameter Settings for Inferred Entity Instance: lpm_divide:Div0
 12. Parameter Settings for Inferred Entity Instance: lpm_divide:Mod1
 13. Parameter Settings for Inferred Entity Instance: lpm_divide:Div1
 14. Parameter Settings for Inferred Entity Instance: lpm_divide:Mod2
 15. Parameter Settings for Inferred Entity Instance: lpm_divide:Div2
 16. Parameter Settings for Inferred Entity Instance: lpm_divide:Mod3
 17. Post-Synthesis Netlist Statistics for Top Partition
 18. Elapsed Time Per Partition
 19. Analysis & Synthesis Messages



----------------
; Legal Notice ;
----------------
Copyright (C) 2021  Intel Corporation. All rights reserved.
Your use of Intel Corporation's design tools, logic functions 
and other software and tools, and any partner logic 
functions, and any output files from any of the foregoing 
(including device programming or simulation files), and any 
associated documentation or information are expressly subject 
to the terms and conditions of the Intel Program License 
Subscription Agreement, the Intel Quartus Prime License Agreement,
the Intel FPGA IP License Agreement, or other applicable license
agreement, including, without limitation, that your use is for
the sole purpose of programming logic devices manufactured by
Intel and sold by Intel or its authorized distributors.  Please
refer to the applicable agreement for further details, at
https://fpgasoftware.intel.com/eula.



+----------------------------------------------------------------------------------+
; Analysis & Synthesis Summary                                                     ;
+------------------------------------+---------------------------------------------+
; Analysis & Synthesis Status        ; Successful - Tue Jul  8 10:36:46 2025       ;
; Quartus Prime Version              ; 21.1.0 Build 842 10/21/2021 SJ Lite Edition ;
; Revision Name                      ; toplevel                                    ;
; Top-level Entity Name              ; toplevel                                    ;
; Family                             ; MAX 10                                      ;
; Total logic elements               ; 472                                         ;
;     Total combinational functions  ; 472                                         ;
;     Dedicated logic registers      ; 0                                           ;
; Total registers                    ; 0                                           ;
; Total pins                         ; 54                                          ;
; Total virtual pins                 ; 0                                           ;
; Total memory bits                  ; 0                                           ;
; Embedded Multiplier 9-bit elements ; 0                                           ;
; Total PLLs                         ; 0                                           ;
; UFM blocks                         ; 0                                           ;
; ADC blocks                         ; 0                                           ;
+------------------------------------+---------------------------------------------+


+------------------------------------------------------------------------------------------------------------+
; Analysis & Synthesis Settings                                                                              ;
+------------------------------------------------------------------+--------------------+--------------------+
; Option                                                           ; Setting            ; Default Value      ;
+------------------------------------------------------------------+--------------------+--------------------+
; Device                                                           ; 10M50DAF484C7G     ;                    ;
; Top-level entity name                                            ; toplevel           ; toplevel           ;
; Family name                                                      ; MAX 10             ; Cyclone V          ;
; Use smart compilation                                            ; Off                ; Off                ;
; Enable parallel Assembler and Timing Analyzer during compilation ; On                 ; On                 ;
; Enable compact report table                                      ; Off                ; Off                ;
; Restructure Multiplexers                                         ; Auto               ; Auto               ;
; Create Debugging Nodes for IP Cores                              ; Off                ; Off                ;
; Preserve fewer node names                                        ; On                 ; On                 ;
; Intel FPGA IP Evaluation Mode                                    ; Enable             ; Enable             ;
; Verilog Version                                                  ; Verilog_2001       ; Verilog_2001       ;
; VHDL Version                                                     ; VHDL_1993          ; VHDL_1993          ;
; State Machine Processing                                         ; Auto               ; Auto               ;
; Safe State Machine                                               ; Off                ; Off                ;
; Extract Verilog State Machines                                   ; On                 ; On                 ;
; Extract VHDL State Machines                                      ; On                 ; On                 ;
; Ignore Verilog initial constructs                                ; Off                ; Off                ;
; Iteration limit for constant Verilog loops                       ; 5000               ; 5000               ;
; Iteration limit for non-constant Verilog loops                   ; 250                ; 250                ;
; Add Pass-Through Logic to Inferred RAMs                          ; On                 ; On                 ;
; Infer RAMs from Raw Logic                                        ; On                 ; On                 ;
; Parallel Synthesis                                               ; On                 ; On                 ;
; DSP Block Balancing                                              ; Auto               ; Auto               ;
; NOT Gate Push-Back                                               ; On                 ; On                 ;
; Power-Up Don't Care                                              ; On                 ; On                 ;
; Remove Redundant Logic Cells                                     ; Off                ; Off                ;
; Remove Duplicate Registers                                       ; On                 ; On                 ;
; Ignore CARRY Buffers                                             ; Off                ; Off                ;
; Ignore CASCADE Buffers                                           ; Off                ; Off                ;
; Ignore GLOBAL Buffers                                            ; Off                ; Off                ;
; Ignore ROW GLOBAL Buffers                                        ; Off                ; Off                ;
; Ignore LCELL Buffers                                             ; Off                ; Off                ;
; Ignore SOFT Buffers                                              ; On                 ; On                 ;
; Limit AHDL Integers to 32 Bits                                   ; Off                ; Off                ;
; Optimization Technique                                           ; Balanced           ; Balanced           ;
; Carry Chain Length                                               ; 70                 ; 70                 ;
; Auto Carry Chains                                                ; On                 ; On                 ;
; Auto Open-Drain Pins                                             ; On                 ; On                 ;
; Perform WYSIWYG Primitive Resynthesis                            ; Off                ; Off                ;
; Auto ROM Replacement                                             ; On                 ; On                 ;
; Auto RAM Replacement                                             ; On                 ; On                 ;
; Auto DSP Block Replacement                                       ; On                 ; On                 ;
; Auto Shift Register Replacement                                  ; Auto               ; Auto               ;
; Allow Shift Register Merging across Hierarchies                  ; Auto               ; Auto               ;
; Auto Clock Enable Replacement                                    ; On                 ; On                 ;
; Strict RAM Replacement                                           ; Off                ; Off                ;
; Allow Synchronous Control Signals                                ; On                 ; On                 ;
; Force Use of Synchronous Clear Signals                           ; Off                ; Off                ;
; Auto RAM Block Balancing                                         ; On                 ; On                 ;
; Auto RAM to Logic Cell Conversion                                ; Off                ; Off                ;
; Auto Resource Sharing                                            ; Off                ; Off                ;
; Allow Any RAM Size For Recognition                               ; Off                ; Off                ;
; Allow Any ROM Size For Recognition                               ; Off                ; Off                ;
; Allow Any Shift Register Size For Recognition                    ; Off                ; Off                ;
; Use LogicLock Constraints during Resource Balancing              ; On                 ; On                 ;
; Ignore translate_off and synthesis_off directives                ; Off                ; Off                ;
; Timing-Driven Synthesis                                          ; On                 ; On                 ;
; Report Parameter Settings                                        ; On                 ; On                 ;
; Report Source Assignments                                        ; On                 ; On                 ;
; Report Connectivity Checks                                       ; On                 ; On                 ;
; Ignore Maximum Fan-Out Assignments                               ; Off                ; Off                ;
; Synchronization Register Chain Length                            ; 2                  ; 2                  ;
; Power Optimization During Synthesis                              ; Normal compilation ; Normal compilation ;
; HDL message level                                                ; Level2             ; Level2             ;
; Suppress Register Optimization Related Messages                  ; Off                ; Off                ;
; Number of Removed Registers Reported in Synthesis Report         ; 5000               ; 5000               ;
; Number of Swept Nodes Reported in Synthesis Report               ; 5000               ; 5000               ;
; Number of Inverted Registers Reported in Synthesis Report        ; 100                ; 100                ;
; Clock MUX Protection                                             ; On                 ; On                 ;
; Auto Gated Clock Conversion                                      ; Off                ; Off                ;
; Block Design Naming                                              ; Auto               ; Auto               ;
; SDC constraint protection                                        ; Off                ; Off                ;
; Synthesis Effort                                                 ; Auto               ; Auto               ;
; Shift Register Replacement - Allow Asynchronous Clear Signal     ; On                 ; On                 ;
; Pre-Mapping Resynthesis Optimization                             ; Off                ; Off                ;
; Analysis & Synthesis Message Level                               ; Medium             ; Medium             ;
; Disable Register Merging Across Hierarchies                      ; Auto               ; Auto               ;
; Resource Aware Inference For Block RAM                           ; On                 ; On                 ;
+------------------------------------------------------------------+--------------------+--------------------+


+------------------------------------------+
; Parallel Compilation                     ;
+----------------------------+-------------+
; Processors                 ; Number      ;
+----------------------------+-------------+
; Number detected on machine ; 12          ;
; Maximum allowed            ; 6           ;
;                            ;             ;
; Average used               ; 1.00        ;
; Maximum used               ; 1           ;
;                            ;             ;
; Usage by Processor         ; % Time Used ;
;     Processor 1            ; 100.0%      ;
+----------------------------+-------------+


+------------------------------------------------------------------------------------------------------------------------------------------------------------------------------------------------------------------------------------------+
; Analysis & Synthesis Source Files Read                                                                                                                                                                                                   ;
+----------------------------------+-----------------+------------------------------+--------------------------------------------------------------------------------------------------------------------------------------------+---------+
; File Name with User-Entered Path ; Used in Netlist ; File Type                    ; File Name with Absolute Path                                                                                                               ; Library ;
+----------------------------------+-----------------+------------------------------+--------------------------------------------------------------------------------------------------------------------------------------------+---------+
; ../../../DE10_7SegmentDriver.vhd ; yes             ; User VHDL File               ; C:/Users/bkse/home/vakken/ti_cp/DSO/practicum/VHDL/2025-2026/opdracht_assignment1/DE10_7SegmentDriver.vhd                                  ;         ;
; ../../../TopLevel.vhd            ; yes             ; User VHDL File               ; C:/Users/bkse/home/vakken/ti_cp/DSO/practicum/VHDL/2025-2026/opdracht_assignment1/TopLevel.vhd                                             ;         ;
; lpm_divide.tdf                   ; yes             ; Megafunction                 ; c:/intelfpga_lite/21.1/quartus/libraries/megafunctions/lpm_divide.tdf                                                                      ;         ;
; abs_divider.inc                  ; yes             ; Megafunction                 ; c:/intelfpga_lite/21.1/quartus/libraries/megafunctions/abs_divider.inc                                                                     ;         ;
; sign_div_unsign.inc              ; yes             ; Megafunction                 ; c:/intelfpga_lite/21.1/quartus/libraries/megafunctions/sign_div_unsign.inc                                                                 ;         ;
; aglobal211.inc                   ; yes             ; Megafunction                 ; c:/intelfpga_lite/21.1/quartus/libraries/megafunctions/aglobal211.inc                                                                      ;         ;
; db/lpm_divide_4nl.tdf            ; yes             ; Auto-Generated Megafunction  ; C:/Users/bkse/home/vakken/ti_cp/DSO/practicum/VHDL/2025-2026/opdracht_assignment1/simulatie/Opdracht1/synthesis/db/lpm_divide_4nl.tdf      ;         ;
; db/sign_div_unsign_3nh.tdf       ; yes             ; Auto-Generated Megafunction  ; C:/Users/bkse/home/vakken/ti_cp/DSO/practicum/VHDL/2025-2026/opdracht_assignment1/simulatie/Opdracht1/synthesis/db/sign_div_unsign_3nh.tdf ;         ;
; db/alt_u_div_gke.tdf             ; yes             ; Auto-Generated Megafunction  ; C:/Users/bkse/home/vakken/ti_cp/DSO/practicum/VHDL/2025-2026/opdracht_assignment1/simulatie/Opdracht1/synthesis/db/alt_u_div_gke.tdf       ;         ;
; db/add_sub_t3c.tdf               ; yes             ; Auto-Generated Megafunction  ; C:/Users/bkse/home/vakken/ti_cp/DSO/practicum/VHDL/2025-2026/opdracht_assignment1/simulatie/Opdracht1/synthesis/db/add_sub_t3c.tdf         ;         ;
; db/add_sub_u3c.tdf               ; yes             ; Auto-Generated Megafunction  ; C:/Users/bkse/home/vakken/ti_cp/DSO/practicum/VHDL/2025-2026/opdracht_assignment1/simulatie/Opdracht1/synthesis/db/add_sub_u3c.tdf         ;         ;
; db/lpm_divide_jtl.tdf            ; yes             ; Auto-Generated Megafunction  ; C:/Users/bkse/home/vakken/ti_cp/DSO/practicum/VHDL/2025-2026/opdracht_assignment1/simulatie/Opdracht1/synthesis/db/lpm_divide_jtl.tdf      ;         ;
; db/sign_div_unsign_llh.tdf       ; yes             ; Auto-Generated Megafunction  ; C:/Users/bkse/home/vakken/ti_cp/DSO/practicum/VHDL/2025-2026/opdracht_assignment1/simulatie/Opdracht1/synthesis/db/sign_div_unsign_llh.tdf ;         ;
; db/alt_u_div_khe.tdf             ; yes             ; Auto-Generated Megafunction  ; C:/Users/bkse/home/vakken/ti_cp/DSO/practicum/VHDL/2025-2026/opdracht_assignment1/simulatie/Opdracht1/synthesis/db/alt_u_div_khe.tdf       ;         ;
; db/lpm_divide_mtl.tdf            ; yes             ; Auto-Generated Megafunction  ; C:/Users/bkse/home/vakken/ti_cp/DSO/practicum/VHDL/2025-2026/opdracht_assignment1/simulatie/Opdracht1/synthesis/db/lpm_divide_mtl.tdf      ;         ;
; db/sign_div_unsign_olh.tdf       ; yes             ; Auto-Generated Megafunction  ; C:/Users/bkse/home/vakken/ti_cp/DSO/practicum/VHDL/2025-2026/opdracht_assignment1/simulatie/Opdracht1/synthesis/db/sign_div_unsign_olh.tdf ;         ;
; db/alt_u_div_qhe.tdf             ; yes             ; Auto-Generated Megafunction  ; C:/Users/bkse/home/vakken/ti_cp/DSO/practicum/VHDL/2025-2026/opdracht_assignment1/simulatie/Opdracht1/synthesis/db/alt_u_div_qhe.tdf       ;         ;
; db/lpm_divide_0vl.tdf            ; yes             ; Auto-Generated Megafunction  ; C:/Users/bkse/home/vakken/ti_cp/DSO/practicum/VHDL/2025-2026/opdracht_assignment1/simulatie/Opdracht1/synthesis/db/lpm_divide_0vl.tdf      ;         ;
; db/sign_div_unsign_2nh.tdf       ; yes             ; Auto-Generated Megafunction  ; C:/Users/bkse/home/vakken/ti_cp/DSO/practicum/VHDL/2025-2026/opdracht_assignment1/simulatie/Opdracht1/synthesis/db/sign_div_unsign_2nh.tdf ;         ;
; db/alt_u_div_eke.tdf             ; yes             ; Auto-Generated Megafunction  ; C:/Users/bkse/home/vakken/ti_cp/DSO/practicum/VHDL/2025-2026/opdracht_assignment1/simulatie/Opdracht1/synthesis/db/alt_u_div_eke.tdf       ;         ;
+----------------------------------+-----------------+------------------------------+--------------------------------------------------------------------------------------------------------------------------------------------+---------+


+------------------------------------------------------------+
; Analysis & Synthesis Resource Usage Summary                ;
+---------------------------------------------+--------------+
; Resource                                    ; Usage        ;
+---------------------------------------------+--------------+
; Estimated Total logic elements              ; 472          ;
;                                             ;              ;
; Total combinational functions               ; 472          ;
; Logic element usage by number of LUT inputs ;              ;
;     -- 4 input functions                    ; 105          ;
;     -- 3 input functions                    ; 130          ;
;     -- <=2 input functions                  ; 237          ;
;                                             ;              ;
; Logic elements by mode                      ;              ;
;     -- normal mode                          ; 320          ;
;     -- arithmetic mode                      ; 152          ;
;                                             ;              ;
; Total registers                             ; 0            ;
;     -- Dedicated logic registers            ; 0            ;
;     -- I/O registers                        ; 0            ;
;                                             ;              ;
; I/O pins                                    ; 54           ;
;                                             ;              ;
; Embedded Multiplier 9-bit elements          ; 0            ;
;                                             ;              ;
; Maximum fan-out node                        ; KEY[1]~input ;
; Maximum fan-out                             ; 30           ;
; Total fan-out                               ; 1313         ;
; Average fan-out                             ; 2.26         ;
+---------------------------------------------+--------------+


+----------------------------------------------------------------------------------------------------------------------------------------------------------------------------------------------------------------------------------------------------------------------------------------------------------------------------------------------+
; Analysis & Synthesis Resource Utilization by Entity                                                                                                                                                                                                                                                                                          ;
+----------------------------------------+---------------------+---------------------------+-------------+------------+--------------+---------+-----------+------+--------------+------------+-----------------------------------------------------------------------------------------------------------+---------------------+--------------+
; Compilation Hierarchy Node             ; Combinational ALUTs ; Dedicated Logic Registers ; Memory Bits ; UFM Blocks ; DSP Elements ; DSP 9x9 ; DSP 18x18 ; Pins ; Virtual Pins ; ADC blocks ; Full Hierarchy Name                                                                                       ; Entity Name         ; Library Name ;
+----------------------------------------+---------------------+---------------------------+-------------+------------+--------------+---------+-----------+------+--------------+------------+-----------------------------------------------------------------------------------------------------------+---------------------+--------------+
; |toplevel                              ; 472 (51)            ; 0 (0)                     ; 0           ; 0          ; 0            ; 0       ; 0         ; 54   ; 0            ; 0          ; |toplevel                                                                                                 ; toplevel            ; work         ;
;    |lpm_divide:Div0|                   ; 83 (0)              ; 0 (0)                     ; 0           ; 0          ; 0            ; 0       ; 0         ; 0    ; 0            ; 0          ; |toplevel|lpm_divide:Div0                                                                                 ; lpm_divide          ; work         ;
;       |lpm_divide_jtl:auto_generated|  ; 83 (0)              ; 0 (0)                     ; 0           ; 0          ; 0            ; 0       ; 0         ; 0    ; 0            ; 0          ; |toplevel|lpm_divide:Div0|lpm_divide_jtl:auto_generated                                                   ; lpm_divide_jtl      ; work         ;
;          |sign_div_unsign_llh:divider| ; 83 (0)              ; 0 (0)                     ; 0           ; 0          ; 0            ; 0       ; 0         ; 0    ; 0            ; 0          ; |toplevel|lpm_divide:Div0|lpm_divide_jtl:auto_generated|sign_div_unsign_llh:divider                       ; sign_div_unsign_llh ; work         ;
;             |alt_u_div_khe:divider|    ; 83 (83)             ; 0 (0)                     ; 0           ; 0          ; 0            ; 0       ; 0         ; 0    ; 0            ; 0          ; |toplevel|lpm_divide:Div0|lpm_divide_jtl:auto_generated|sign_div_unsign_llh:divider|alt_u_div_khe:divider ; alt_u_div_khe       ; work         ;
;    |lpm_divide:Div1|                   ; 70 (0)              ; 0 (0)                     ; 0           ; 0          ; 0            ; 0       ; 0         ; 0    ; 0            ; 0          ; |toplevel|lpm_divide:Div1                                                                                 ; lpm_divide          ; work         ;
;       |lpm_divide_mtl:auto_generated|  ; 70 (0)              ; 0 (0)                     ; 0           ; 0          ; 0            ; 0       ; 0         ; 0    ; 0            ; 0          ; |toplevel|lpm_divide:Div1|lpm_divide_mtl:auto_generated                                                   ; lpm_divide_mtl      ; work         ;
;          |sign_div_unsign_olh:divider| ; 70 (0)              ; 0 (0)                     ; 0           ; 0          ; 0            ; 0       ; 0         ; 0    ; 0            ; 0          ; |toplevel|lpm_divide:Div1|lpm_divide_mtl:auto_generated|sign_div_unsign_olh:divider                       ; sign_div_unsign_olh ; work         ;
;             |alt_u_div_qhe:divider|    ; 70 (70)             ; 0 (0)                     ; 0           ; 0          ; 0            ; 0       ; 0         ; 0    ; 0            ; 0          ; |toplevel|lpm_divide:Div1|lpm_divide_mtl:auto_generated|sign_div_unsign_olh:divider|alt_u_div_qhe:divider ; alt_u_div_qhe       ; work         ;
;    |lpm_divide:Div2|                   ; 9 (0)               ; 0 (0)                     ; 0           ; 0          ; 0            ; 0       ; 0         ; 0    ; 0            ; 0          ; |toplevel|lpm_divide:Div2                                                                                 ; lpm_divide          ; work         ;
;       |lpm_divide_0vl:auto_generated|  ; 9 (0)               ; 0 (0)                     ; 0           ; 0          ; 0            ; 0       ; 0         ; 0    ; 0            ; 0          ; |toplevel|lpm_divide:Div2|lpm_divide_0vl:auto_generated                                                   ; lpm_divide_0vl      ; work         ;
;          |sign_div_unsign_2nh:divider| ; 9 (0)               ; 0 (0)                     ; 0           ; 0          ; 0            ; 0       ; 0         ; 0    ; 0            ; 0          ; |toplevel|lpm_divide:Div2|lpm_divide_0vl:auto_generated|sign_div_unsign_2nh:divider                       ; sign_div_unsign_2nh ; work         ;
;             |alt_u_div_eke:divider|    ; 9 (9)               ; 0 (0)                     ; 0           ; 0          ; 0            ; 0       ; 0         ; 0    ; 0            ; 0          ; |toplevel|lpm_divide:Div2|lpm_divide_0vl:auto_generated|sign_div_unsign_2nh:divider|alt_u_div_eke:divider ; alt_u_div_eke       ; work         ;
;    |lpm_divide:Mod0|                   ; 148 (0)             ; 0 (0)                     ; 0           ; 0          ; 0            ; 0       ; 0         ; 0    ; 0            ; 0          ; |toplevel|lpm_divide:Mod0                                                                                 ; lpm_divide          ; work         ;
;       |lpm_divide_4nl:auto_generated|  ; 148 (0)             ; 0 (0)                     ; 0           ; 0          ; 0            ; 0       ; 0         ; 0    ; 0            ; 0          ; |toplevel|lpm_divide:Mod0|lpm_divide_4nl:auto_generated                                                   ; lpm_divide_4nl      ; work         ;
;          |sign_div_unsign_3nh:divider| ; 148 (0)             ; 0 (0)                     ; 0           ; 0          ; 0            ; 0       ; 0         ; 0    ; 0            ; 0          ; |toplevel|lpm_divide:Mod0|lpm_divide_4nl:auto_generated|sign_div_unsign_3nh:divider                       ; sign_div_unsign_3nh ; work         ;
;             |alt_u_div_gke:divider|    ; 148 (148)           ; 0 (0)                     ; 0           ; 0          ; 0            ; 0       ; 0         ; 0    ; 0            ; 0          ; |toplevel|lpm_divide:Mod0|lpm_divide_4nl:auto_generated|sign_div_unsign_3nh:divider|alt_u_div_gke:divider ; alt_u_div_gke       ; work         ;
;    |lpm_divide:Mod1|                   ; 96 (0)              ; 0 (0)                     ; 0           ; 0          ; 0            ; 0       ; 0         ; 0    ; 0            ; 0          ; |toplevel|lpm_divide:Mod1                                                                                 ; lpm_divide          ; work         ;
;       |lpm_divide_4nl:auto_generated|  ; 96 (0)              ; 0 (0)                     ; 0           ; 0          ; 0            ; 0       ; 0         ; 0    ; 0            ; 0          ; |toplevel|lpm_divide:Mod1|lpm_divide_4nl:auto_generated                                                   ; lpm_divide_4nl      ; work         ;
;          |sign_div_unsign_3nh:divider| ; 96 (0)              ; 0 (0)                     ; 0           ; 0          ; 0            ; 0       ; 0         ; 0    ; 0            ; 0          ; |toplevel|lpm_divide:Mod1|lpm_divide_4nl:auto_generated|sign_div_unsign_3nh:divider                       ; sign_div_unsign_3nh ; work         ;
;             |alt_u_div_gke:divider|    ; 96 (96)             ; 0 (0)                     ; 0           ; 0          ; 0            ; 0       ; 0         ; 0    ; 0            ; 0          ; |toplevel|lpm_divide:Mod1|lpm_divide_4nl:auto_generated|sign_div_unsign_3nh:divider|alt_u_div_gke:divider ; alt_u_div_gke       ; work         ;
;    |lpm_divide:Mod2|                   ; 15 (0)              ; 0 (0)                     ; 0           ; 0          ; 0            ; 0       ; 0         ; 0    ; 0            ; 0          ; |toplevel|lpm_divide:Mod2                                                                                 ; lpm_divide          ; work         ;
;       |lpm_divide_4nl:auto_generated|  ; 15 (0)              ; 0 (0)                     ; 0           ; 0          ; 0            ; 0       ; 0         ; 0    ; 0            ; 0          ; |toplevel|lpm_divide:Mod2|lpm_divide_4nl:auto_generated                                                   ; lpm_divide_4nl      ; work         ;
;          |sign_div_unsign_3nh:divider| ; 15 (0)              ; 0 (0)                     ; 0           ; 0          ; 0            ; 0       ; 0         ; 0    ; 0            ; 0          ; |toplevel|lpm_divide:Mod2|lpm_divide_4nl:auto_generated|sign_div_unsign_3nh:divider                       ; sign_div_unsign_3nh ; work         ;
;             |alt_u_div_gke:divider|    ; 15 (15)             ; 0 (0)                     ; 0           ; 0          ; 0            ; 0       ; 0         ; 0    ; 0            ; 0          ; |toplevel|lpm_divide:Mod2|lpm_divide_4nl:auto_generated|sign_div_unsign_3nh:divider|alt_u_div_gke:divider ; alt_u_div_gke       ; work         ;
+----------------------------------------+---------------------+---------------------------+-------------+------------+--------------+---------+-----------+------+--------------+------------+-----------------------------------------------------------------------------------------------------------+---------------------+--------------+
Note: For table entries with two numbers listed, the numbers in parentheses indicate the number of resources of the given type used by the specific entity alone. The numbers listed outside of parentheses indicate the total resources of the given type used by the specific entity and all of its sub-entities in the hierarchy.


+------------------------------------------------------+
; General Register Statistics                          ;
+----------------------------------------------+-------+
; Statistic                                    ; Value ;
+----------------------------------------------+-------+
; Total registers                              ; 0     ;
; Number of registers using Synchronous Clear  ; 0     ;
; Number of registers using Synchronous Load   ; 0     ;
; Number of registers using Asynchronous Clear ; 0     ;
; Number of registers using Asynchronous Load  ; 0     ;
; Number of registers using Clock Enable       ; 0     ;
; Number of registers using Preset             ; 0     ;
+----------------------------------------------+-------+


+------------------------------------------------------------------------------------------------------------------------------------------+
; Multiplexer Restructuring Statistics (Restructuring Performed)                                                                           ;
+--------------------+-----------+---------------+----------------------+------------------------+------------+----------------------------+
; Multiplexer Inputs ; Bus Width ; Baseline Area ; Area if Restructured ; Saving if Restructured ; Registered ; Example Multiplexer Output ;
+--------------------+-----------+---------------+----------------------+------------------------+------------+----------------------------+
; 4:1                ; 4 bits    ; 8 LEs         ; 8 LEs                ; 0 LEs                  ; No         ; |toplevel|output           ;
; 4:1                ; 4 bits    ; 8 LEs         ; 8 LEs                ; 0 LEs                  ; No         ; |toplevel|output           ;
; 4:1                ; 24 bits   ; 48 LEs        ; 48 LEs               ; 0 LEs                  ; No         ; |toplevel|output           ;
+--------------------+-----------+---------------+----------------------+------------------------+------------+----------------------------+


+------------------------------------------------------------------+
; Parameter Settings for Inferred Entity Instance: lpm_divide:Mod0 ;
+------------------------+----------------+------------------------+
; Parameter Name         ; Value          ; Type                   ;
+------------------------+----------------+------------------------+
; LPM_WIDTHN             ; 11             ; Untyped                ;
; LPM_WIDTHD             ; 11             ; Untyped                ;
; LPM_NREPRESENTATION    ; UNSIGNED       ; Untyped                ;
; LPM_DREPRESENTATION    ; UNSIGNED       ; Untyped                ;
; LPM_PIPELINE           ; 0              ; Untyped                ;
; LPM_REMAINDERPOSITIVE  ; TRUE           ; Untyped                ;
; MAXIMIZE_SPEED         ; 5              ; Untyped                ;
; CBXI_PARAMETER         ; lpm_divide_4nl ; Untyped                ;
; CARRY_CHAIN            ; MANUAL         ; Untyped                ;
; OPTIMIZE_FOR_SPEED     ; 5              ; Untyped                ;
; AUTO_CARRY_CHAINS      ; ON             ; AUTO_CARRY             ;
; IGNORE_CARRY_BUFFERS   ; OFF            ; IGNORE_CARRY           ;
; AUTO_CASCADE_CHAINS    ; ON             ; AUTO_CASCADE           ;
; IGNORE_CASCADE_BUFFERS ; OFF            ; IGNORE_CASCADE         ;
+------------------------+----------------+------------------------+
Note: In order to hide this table in the UI and the text report file, please set the "Show Parameter Settings in Synthesis Report" option in "Analysis and Synthesis Settings -> More Settings" to "Off".


+------------------------------------------------------------------+
; Parameter Settings for Inferred Entity Instance: lpm_divide:Div0 ;
+------------------------+----------------+------------------------+
; Parameter Name         ; Value          ; Type                   ;
+------------------------+----------------+------------------------+
; LPM_WIDTHN             ; 11             ; Untyped                ;
; LPM_WIDTHD             ; 4              ; Untyped                ;
; LPM_NREPRESENTATION    ; UNSIGNED       ; Untyped                ;
; LPM_DREPRESENTATION    ; UNSIGNED       ; Untyped                ;
; LPM_PIPELINE           ; 0              ; Untyped                ;
; LPM_REMAINDERPOSITIVE  ; TRUE           ; Untyped                ;
; MAXIMIZE_SPEED         ; 5              ; Untyped                ;
; CBXI_PARAMETER         ; lpm_divide_jtl ; Untyped                ;
; CARRY_CHAIN            ; MANUAL         ; Untyped                ;
; OPTIMIZE_FOR_SPEED     ; 5              ; Untyped                ;
; AUTO_CARRY_CHAINS      ; ON             ; AUTO_CARRY             ;
; IGNORE_CARRY_BUFFERS   ; OFF            ; IGNORE_CARRY           ;
; AUTO_CASCADE_CHAINS    ; ON             ; AUTO_CASCADE           ;
; IGNORE_CASCADE_BUFFERS ; OFF            ; IGNORE_CASCADE         ;
+------------------------+----------------+------------------------+
Note: In order to hide this table in the UI and the text report file, please set the "Show Parameter Settings in Synthesis Report" option in "Analysis and Synthesis Settings -> More Settings" to "Off".


+------------------------------------------------------------------+
; Parameter Settings for Inferred Entity Instance: lpm_divide:Mod1 ;
+------------------------+----------------+------------------------+
; Parameter Name         ; Value          ; Type                   ;
+------------------------+----------------+------------------------+
; LPM_WIDTHN             ; 11             ; Untyped                ;
; LPM_WIDTHD             ; 11             ; Untyped                ;
; LPM_NREPRESENTATION    ; UNSIGNED       ; Untyped                ;
; LPM_DREPRESENTATION    ; UNSIGNED       ; Untyped                ;
; LPM_PIPELINE           ; 0              ; Untyped                ;
; LPM_REMAINDERPOSITIVE  ; TRUE           ; Untyped                ;
; MAXIMIZE_SPEED         ; 5              ; Untyped                ;
; CBXI_PARAMETER         ; lpm_divide_4nl ; Untyped                ;
; CARRY_CHAIN            ; MANUAL         ; Untyped                ;
; OPTIMIZE_FOR_SPEED     ; 5              ; Untyped                ;
; AUTO_CARRY_CHAINS      ; ON             ; AUTO_CARRY             ;
; IGNORE_CARRY_BUFFERS   ; OFF            ; IGNORE_CARRY           ;
; AUTO_CASCADE_CHAINS    ; ON             ; AUTO_CASCADE           ;
; IGNORE_CASCADE_BUFFERS ; OFF            ; IGNORE_CASCADE         ;
+------------------------+----------------+------------------------+
Note: In order to hide this table in the UI and the text report file, please set the "Show Parameter Settings in Synthesis Report" option in "Analysis and Synthesis Settings -> More Settings" to "Off".


+------------------------------------------------------------------+
; Parameter Settings for Inferred Entity Instance: lpm_divide:Div1 ;
+------------------------+----------------+------------------------+
; Parameter Name         ; Value          ; Type                   ;
+------------------------+----------------+------------------------+
; LPM_WIDTHN             ; 11             ; Untyped                ;
; LPM_WIDTHD             ; 7              ; Untyped                ;
; LPM_NREPRESENTATION    ; UNSIGNED       ; Untyped                ;
; LPM_DREPRESENTATION    ; UNSIGNED       ; Untyped                ;
; LPM_PIPELINE           ; 0              ; Untyped                ;
; LPM_REMAINDERPOSITIVE  ; TRUE           ; Untyped                ;
; MAXIMIZE_SPEED         ; 5              ; Untyped                ;
; CBXI_PARAMETER         ; lpm_divide_mtl ; Untyped                ;
; CARRY_CHAIN            ; MANUAL         ; Untyped                ;
; OPTIMIZE_FOR_SPEED     ; 5              ; Untyped                ;
; AUTO_CARRY_CHAINS      ; ON             ; AUTO_CARRY             ;
; IGNORE_CARRY_BUFFERS   ; OFF            ; IGNORE_CARRY           ;
; AUTO_CASCADE_CHAINS    ; ON             ; AUTO_CASCADE           ;
; IGNORE_CASCADE_BUFFERS ; OFF            ; IGNORE_CASCADE         ;
+------------------------+----------------+------------------------+
Note: In order to hide this table in the UI and the text report file, please set the "Show Parameter Settings in Synthesis Report" option in "Analysis and Synthesis Settings -> More Settings" to "Off".


+------------------------------------------------------------------+
; Parameter Settings for Inferred Entity Instance: lpm_divide:Mod2 ;
+------------------------+----------------+------------------------+
; Parameter Name         ; Value          ; Type                   ;
+------------------------+----------------+------------------------+
; LPM_WIDTHN             ; 11             ; Untyped                ;
; LPM_WIDTHD             ; 11             ; Untyped                ;
; LPM_NREPRESENTATION    ; UNSIGNED       ; Untyped                ;
; LPM_DREPRESENTATION    ; UNSIGNED       ; Untyped                ;
; LPM_PIPELINE           ; 0              ; Untyped                ;
; LPM_REMAINDERPOSITIVE  ; TRUE           ; Untyped                ;
; MAXIMIZE_SPEED         ; 5              ; Untyped                ;
; CBXI_PARAMETER         ; lpm_divide_4nl ; Untyped                ;
; CARRY_CHAIN            ; MANUAL         ; Untyped                ;
; OPTIMIZE_FOR_SPEED     ; 5              ; Untyped                ;
; AUTO_CARRY_CHAINS      ; ON             ; AUTO_CARRY             ;
; IGNORE_CARRY_BUFFERS   ; OFF            ; IGNORE_CARRY           ;
; AUTO_CASCADE_CHAINS    ; ON             ; AUTO_CASCADE           ;
; IGNORE_CASCADE_BUFFERS ; OFF            ; IGNORE_CASCADE         ;
+------------------------+----------------+------------------------+
Note: In order to hide this table in the UI and the text report file, please set the "Show Parameter Settings in Synthesis Report" option in "Analysis and Synthesis Settings -> More Settings" to "Off".


+------------------------------------------------------------------+
; Parameter Settings for Inferred Entity Instance: lpm_divide:Div2 ;
+------------------------+----------------+------------------------+
; Parameter Name         ; Value          ; Type                   ;
+------------------------+----------------+------------------------+
; LPM_WIDTHN             ; 11             ; Untyped                ;
; LPM_WIDTHD             ; 10             ; Untyped                ;
; LPM_NREPRESENTATION    ; UNSIGNED       ; Untyped                ;
; LPM_DREPRESENTATION    ; UNSIGNED       ; Untyped                ;
; LPM_PIPELINE           ; 0              ; Untyped                ;
; LPM_REMAINDERPOSITIVE  ; TRUE           ; Untyped                ;
; MAXIMIZE_SPEED         ; 5              ; Untyped                ;
; CBXI_PARAMETER         ; lpm_divide_0vl ; Untyped                ;
; CARRY_CHAIN            ; MANUAL         ; Untyped                ;
; OPTIMIZE_FOR_SPEED     ; 5              ; Untyped                ;
; AUTO_CARRY_CHAINS      ; ON             ; AUTO_CARRY             ;
; IGNORE_CARRY_BUFFERS   ; OFF            ; IGNORE_CARRY           ;
; AUTO_CASCADE_CHAINS    ; ON             ; AUTO_CASCADE           ;
; IGNORE_CASCADE_BUFFERS ; OFF            ; IGNORE_CASCADE         ;
+------------------------+----------------+------------------------+
Note: In order to hide this table in the UI and the text report file, please set the "Show Parameter Settings in Synthesis Report" option in "Analysis and Synthesis Settings -> More Settings" to "Off".


+------------------------------------------------------------------+
; Parameter Settings for Inferred Entity Instance: lpm_divide:Mod3 ;
+------------------------+----------------+------------------------+
; Parameter Name         ; Value          ; Type                   ;
+------------------------+----------------+------------------------+
; LPM_WIDTHN             ; 11             ; Untyped                ;
; LPM_WIDTHD             ; 11             ; Untyped                ;
; LPM_NREPRESENTATION    ; UNSIGNED       ; Untyped                ;
; LPM_DREPRESENTATION    ; UNSIGNED       ; Untyped                ;
; LPM_PIPELINE           ; 0              ; Untyped                ;
; LPM_REMAINDERPOSITIVE  ; TRUE           ; Untyped                ;
; MAXIMIZE_SPEED         ; 5              ; Untyped                ;
; CBXI_PARAMETER         ; lpm_divide_4nl ; Untyped                ;
; CARRY_CHAIN            ; MANUAL         ; Untyped                ;
; OPTIMIZE_FOR_SPEED     ; 5              ; Untyped                ;
; AUTO_CARRY_CHAINS      ; ON             ; AUTO_CARRY             ;
; IGNORE_CARRY_BUFFERS   ; OFF            ; IGNORE_CARRY           ;
; AUTO_CASCADE_CHAINS    ; ON             ; AUTO_CASCADE           ;
; IGNORE_CASCADE_BUFFERS ; OFF            ; IGNORE_CASCADE         ;
+------------------------+----------------+------------------------+
Note: In order to hide this table in the UI and the text report file, please set the "Show Parameter Settings in Synthesis Report" option in "Analysis and Synthesis Settings -> More Settings" to "Off".


+-----------------------------------------------------+
; Post-Synthesis Netlist Statistics for Top Partition ;
+-----------------------+-----------------------------+
; Type                  ; Count                       ;
+-----------------------+-----------------------------+
; boundary_port         ; 54                          ;
; cycloneiii_lcell_comb ; 473                         ;
;     arith             ; 152                         ;
;         1 data inputs ; 14                          ;
;         2 data inputs ; 29                          ;
;         3 data inputs ; 109                         ;
;     normal            ; 321                         ;
;         0 data inputs ; 24                          ;
;         1 data inputs ; 6                           ;
;         2 data inputs ; 165                         ;
;         3 data inputs ; 21                          ;
;         4 data inputs ; 105                         ;
;                       ;                             ;
; Max LUT depth         ; 21.30                       ;
; Average LUT depth     ; 18.44                       ;
+-----------------------+-----------------------------+


+-------------------------------+
; Elapsed Time Per Partition    ;
+----------------+--------------+
; Partition Name ; Elapsed Time ;
+----------------+--------------+
; Top            ; 00:00:01     ;
+----------------+--------------+


+-------------------------------+
; Analysis & Synthesis Messages ;
+-------------------------------+
Info: *******************************************************************
Info: Running Quartus Prime Analysis & Synthesis
    Info: Version 21.1.0 Build 842 10/21/2021 SJ Lite Edition
    Info: Processing started: Tue Jul  8 10:36:26 2025
Info: Command: quartus_map --read_settings_files=on --write_settings_files=off Opdracht1 -c toplevel
Warning (18236): Number of processors has not been specified which may cause overloading on shared machines.  Set the global assignment NUM_PARALLEL_PROCESSORS in your QSF to an appropriate value for best performance.
Info (20030): Parallel compilation is enabled and will use 6 of the 6 processors detected
Info (12021): Found 2 design units, including 0 entities, in source file /users/bkse/home/vakken/ti_cp/dso/practicum/vhdl/2025-2026/opdracht_assignment1/de10_7segmentdriver.vhd
    Info (12022): Found design unit 1: SevenSegmentDriver File: C:/Users/bkse/home/vakken/ti_cp/DSO/practicum/VHDL/2025-2026/opdracht_assignment1/DE10_7SegmentDriver.vhd Line: 14
    Info (12022): Found design unit 2: SevenSegmentDriver-body File: C:/Users/bkse/home/vakken/ti_cp/DSO/practicum/VHDL/2025-2026/opdracht_assignment1/DE10_7SegmentDriver.vhd Line: 28
Info (12021): Found 2 design units, including 1 entities, in source file /users/bkse/home/vakken/ti_cp/dso/practicum/vhdl/2025-2026/opdracht_assignment1/toplevel.vhd
    Info (12022): Found design unit 1: toplevel-toplevel_arch File: C:/Users/bkse/home/vakken/ti_cp/DSO/practicum/VHDL/2025-2026/opdracht_assignment1/TopLevel.vhd Line: 26
    Info (12023): Found entity 1: toplevel File: C:/Users/bkse/home/vakken/ti_cp/DSO/practicum/VHDL/2025-2026/opdracht_assignment1/TopLevel.vhd Line: 13
Info (12127): Elaborating entity "toplevel" for the top level hierarchy
Info (278001): Inferred 7 megafunctions from design logic
    Info (278004): Inferred divider/modulo megafunction ("lpm_divide") from the following logic: "Mod0" File: C:/Users/bkse/home/vakken/ti_cp/DSO/practicum/VHDL/2025-2026/opdracht_assignment1/TopLevel.vhd Line: 50
    Info (278004): Inferred divider/modulo megafunction ("lpm_divide") from the following logic: "Div0" File: C:/Users/bkse/home/vakken/ti_cp/DSO/practicum/VHDL/2025-2026/opdracht_assignment1/TopLevel.vhd Line: 53
    Info (278004): Inferred divider/modulo megafunction ("lpm_divide") from the following logic: "Mod1" File: C:/Users/bkse/home/vakken/ti_cp/DSO/practicum/VHDL/2025-2026/opdracht_assignment1/TopLevel.vhd Line: 53
    Info (278004): Inferred divider/modulo megafunction ("lpm_divide") from the following logic: "Div1" File: C:/Users/bkse/home/vakken/ti_cp/DSO/practicum/VHDL/2025-2026/opdracht_assignment1/TopLevel.vhd Line: 56
    Info (278004): Inferred divider/modulo megafunction ("lpm_divide") from the following logic: "Mod2" File: C:/Users/bkse/home/vakken/ti_cp/DSO/practicum/VHDL/2025-2026/opdracht_assignment1/TopLevel.vhd Line: 56
    Info (278004): Inferred divider/modulo megafunction ("lpm_divide") from the following logic: "Div2" File: C:/Users/bkse/home/vakken/ti_cp/DSO/practicum/VHDL/2025-2026/opdracht_assignment1/TopLevel.vhd Line: 59
    Info (278004): Inferred divider/modulo megafunction ("lpm_divide") from the following logic: "Mod3" File: C:/Users/bkse/home/vakken/ti_cp/DSO/practicum/VHDL/2025-2026/opdracht_assignment1/TopLevel.vhd Line: 59
Info (12130): Elaborated megafunction instantiation "lpm_divide:Mod0" File: C:/Users/bkse/home/vakken/ti_cp/DSO/practicum/VHDL/2025-2026/opdracht_assignment1/TopLevel.vhd Line: 50
Info (12133): Instantiated megafunction "lpm_divide:Mod0" with the following parameter: File: C:/Users/bkse/home/vakken/ti_cp/DSO/practicum/VHDL/2025-2026/opdracht_assignment1/TopLevel.vhd Line: 50
    Info (12134): Parameter "LPM_WIDTHN" = "11"
    Info (12134): Parameter "LPM_WIDTHD" = "11"
    Info (12134): Parameter "LPM_NREPRESENTATION" = "UNSIGNED"
    Info (12134): Parameter "LPM_DREPRESENTATION" = "UNSIGNED"
Info (12021): Found 1 design units, including 1 entities, in source file db/lpm_divide_4nl.tdf
    Info (12023): Found entity 1: lpm_divide_4nl File: C:/Users/bkse/home/vakken/ti_cp/DSO/practicum/VHDL/2025-2026/opdracht_assignment1/simulatie/Opdracht1/synthesis/db/lpm_divide_4nl.tdf Line: 25
Info (12021): Found 1 design units, including 1 entities, in source file db/sign_div_unsign_3nh.tdf
    Info (12023): Found entity 1: sign_div_unsign_3nh File: C:/Users/bkse/home/vakken/ti_cp/DSO/practicum/VHDL/2025-2026/opdracht_assignment1/simulatie/Opdracht1/synthesis/db/sign_div_unsign_3nh.tdf Line: 25
Info (12021): Found 1 design units, including 1 entities, in source file db/alt_u_div_gke.tdf
    Info (12023): Found entity 1: alt_u_div_gke File: C:/Users/bkse/home/vakken/ti_cp/DSO/practicum/VHDL/2025-2026/opdracht_assignment1/simulatie/Opdracht1/synthesis/db/alt_u_div_gke.tdf Line: 27
Info (12021): Found 1 design units, including 1 entities, in source file db/add_sub_t3c.tdf
    Info (12023): Found entity 1: add_sub_t3c File: C:/Users/bkse/home/vakken/ti_cp/DSO/practicum/VHDL/2025-2026/opdracht_assignment1/simulatie/Opdracht1/synthesis/db/add_sub_t3c.tdf Line: 23
Info (12021): Found 1 design units, including 1 entities, in source file db/add_sub_u3c.tdf
    Info (12023): Found entity 1: add_sub_u3c File: C:/Users/bkse/home/vakken/ti_cp/DSO/practicum/VHDL/2025-2026/opdracht_assignment1/simulatie/Opdracht1/synthesis/db/add_sub_u3c.tdf Line: 23
Info (12130): Elaborated megafunction instantiation "lpm_divide:Div0" File: C:/Users/bkse/home/vakken/ti_cp/DSO/practicum/VHDL/2025-2026/opdracht_assignment1/TopLevel.vhd Line: 53
Info (12133): Instantiated megafunction "lpm_divide:Div0" with the following parameter: File: C:/Users/bkse/home/vakken/ti_cp/DSO/practicum/VHDL/2025-2026/opdracht_assignment1/TopLevel.vhd Line: 53
    Info (12134): Parameter "LPM_WIDTHN" = "11"
    Info (12134): Parameter "LPM_WIDTHD" = "4"
    Info (12134): Parameter "LPM_NREPRESENTATION" = "UNSIGNED"
    Info (12134): Parameter "LPM_DREPRESENTATION" = "UNSIGNED"
Info (12021): Found 1 design units, including 1 entities, in source file db/lpm_divide_jtl.tdf
    Info (12023): Found entity 1: lpm_divide_jtl File: C:/Users/bkse/home/vakken/ti_cp/DSO/practicum/VHDL/2025-2026/opdracht_assignment1/simulatie/Opdracht1/synthesis/db/lpm_divide_jtl.tdf Line: 25
Info (12021): Found 1 design units, including 1 entities, in source file db/sign_div_unsign_llh.tdf
    Info (12023): Found entity 1: sign_div_unsign_llh File: C:/Users/bkse/home/vakken/ti_cp/DSO/practicum/VHDL/2025-2026/opdracht_assignment1/simulatie/Opdracht1/synthesis/db/sign_div_unsign_llh.tdf Line: 25
Info (12021): Found 1 design units, including 1 entities, in source file db/alt_u_div_khe.tdf
    Info (12023): Found entity 1: alt_u_div_khe File: C:/Users/bkse/home/vakken/ti_cp/DSO/practicum/VHDL/2025-2026/opdracht_assignment1/simulatie/Opdracht1/synthesis/db/alt_u_div_khe.tdf Line: 27
Info (12130): Elaborated megafunction instantiation "lpm_divide:Mod1" File: C:/Users/bkse/home/vakken/ti_cp/DSO/practicum/VHDL/2025-2026/opdracht_assignment1/TopLevel.vhd Line: 53
Info (12133): Instantiated megafunction "lpm_divide:Mod1" with the following parameter: File: C:/Users/bkse/home/vakken/ti_cp/DSO/practicum/VHDL/2025-2026/opdracht_assignment1/TopLevel.vhd Line: 53
    Info (12134): Parameter "LPM_WIDTHN" = "11"
    Info (12134): Parameter "LPM_WIDTHD" = "11"
    Info (12134): Parameter "LPM_NREPRESENTATION" = "UNSIGNED"
    Info (12134): Parameter "LPM_DREPRESENTATION" = "UNSIGNED"
Info (12130): Elaborated megafunction instantiation "lpm_divide:Div1" File: C:/Users/bkse/home/vakken/ti_cp/DSO/practicum/VHDL/2025-2026/opdracht_assignment1/TopLevel.vhd Line: 56
Info (12133): Instantiated megafunction "lpm_divide:Div1" with the following parameter: File: C:/Users/bkse/home/vakken/ti_cp/DSO/practicum/VHDL/2025-2026/opdracht_assignment1/TopLevel.vhd Line: 56
    Info (12134): Parameter "LPM_WIDTHN" = "11"
    Info (12134): Parameter "LPM_WIDTHD" = "7"
    Info (12134): Parameter "LPM_NREPRESENTATION" = "UNSIGNED"
    Info (12134): Parameter "LPM_DREPRESENTATION" = "UNSIGNED"
Info (12021): Found 1 design units, including 1 entities, in source file db/lpm_divide_mtl.tdf
    Info (12023): Found entity 1: lpm_divide_mtl File: C:/Users/bkse/home/vakken/ti_cp/DSO/practicum/VHDL/2025-2026/opdracht_assignment1/simulatie/Opdracht1/synthesis/db/lpm_divide_mtl.tdf Line: 25
Info (12021): Found 1 design units, including 1 entities, in source file db/sign_div_unsign_olh.tdf
    Info (12023): Found entity 1: sign_div_unsign_olh File: C:/Users/bkse/home/vakken/ti_cp/DSO/practicum/VHDL/2025-2026/opdracht_assignment1/simulatie/Opdracht1/synthesis/db/sign_div_unsign_olh.tdf Line: 25
Info (12021): Found 1 design units, including 1 entities, in source file db/alt_u_div_qhe.tdf
    Info (12023): Found entity 1: alt_u_div_qhe File: C:/Users/bkse/home/vakken/ti_cp/DSO/practicum/VHDL/2025-2026/opdracht_assignment1/simulatie/Opdracht1/synthesis/db/alt_u_div_qhe.tdf Line: 27
Info (12130): Elaborated megafunction instantiation "lpm_divide:Div2" File: C:/Users/bkse/home/vakken/ti_cp/DSO/practicum/VHDL/2025-2026/opdracht_assignment1/TopLevel.vhd Line: 59
Info (12133): Instantiated megafunction "lpm_divide:Div2" with the following parameter: File: C:/Users/bkse/home/vakken/ti_cp/DSO/practicum/VHDL/2025-2026/opdracht_assignment1/TopLevel.vhd Line: 59
    Info (12134): Parameter "LPM_WIDTHN" = "11"
    Info (12134): Parameter "LPM_WIDTHD" = "10"
    Info (12134): Parameter "LPM_NREPRESENTATION" = "UNSIGNED"
    Info (12134): Parameter "LPM_DREPRESENTATION" = "UNSIGNED"
Info (12021): Found 1 design units, including 1 entities, in source file db/lpm_divide_0vl.tdf
    Info (12023): Found entity 1: lpm_divide_0vl File: C:/Users/bkse/home/vakken/ti_cp/DSO/practicum/VHDL/2025-2026/opdracht_assignment1/simulatie/Opdracht1/synthesis/db/lpm_divide_0vl.tdf Line: 25
Info (12021): Found 1 design units, including 1 entities, in source file db/sign_div_unsign_2nh.tdf
    Info (12023): Found entity 1: sign_div_unsign_2nh File: C:/Users/bkse/home/vakken/ti_cp/DSO/practicum/VHDL/2025-2026/opdracht_assignment1/simulatie/Opdracht1/synthesis/db/sign_div_unsign_2nh.tdf Line: 25
Info (12021): Found 1 design units, including 1 entities, in source file db/alt_u_div_eke.tdf
    Info (12023): Found entity 1: alt_u_div_eke File: C:/Users/bkse/home/vakken/ti_cp/DSO/practicum/VHDL/2025-2026/opdracht_assignment1/simulatie/Opdracht1/synthesis/db/alt_u_div_eke.tdf Line: 27
Info (286030): Timing-Driven Synthesis is running
Info (17016): Found the following redundant logic cells in design
    Info (17048): Logic cell "lpm_divide:Mod1|lpm_divide_4nl:auto_generated|sign_div_unsign_3nh:divider|alt_u_div_gke:divider|add_sub_10_result_int[0]~0" File: C:/Users/bkse/home/vakken/ti_cp/DSO/practicum/VHDL/2025-2026/opdracht_assignment1/simulatie/Opdracht1/synthesis/db/alt_u_div_gke.tdf Line: 37
    Info (17048): Logic cell "lpm_divide:Mod1|lpm_divide_4nl:auto_generated|sign_div_unsign_3nh:divider|alt_u_div_gke:divider|add_sub_7_result_int[0]~16" File: C:/Users/bkse/home/vakken/ti_cp/DSO/practicum/VHDL/2025-2026/opdracht_assignment1/simulatie/Opdracht1/synthesis/db/alt_u_div_gke.tdf Line: 67
    Info (17048): Logic cell "lpm_divide:Mod1|lpm_divide_4nl:auto_generated|sign_div_unsign_3nh:divider|alt_u_div_gke:divider|add_sub_8_result_int[0]~18" File: C:/Users/bkse/home/vakken/ti_cp/DSO/practicum/VHDL/2025-2026/opdracht_assignment1/simulatie/Opdracht1/synthesis/db/alt_u_div_gke.tdf Line: 72
    Info (17048): Logic cell "lpm_divide:Mod1|lpm_divide_4nl:auto_generated|sign_div_unsign_3nh:divider|alt_u_div_gke:divider|add_sub_9_result_int[0]~20" File: C:/Users/bkse/home/vakken/ti_cp/DSO/practicum/VHDL/2025-2026/opdracht_assignment1/simulatie/Opdracht1/synthesis/db/alt_u_div_gke.tdf Line: 77
    Info (17048): Logic cell "lpm_divide:Mod2|lpm_divide_4nl:auto_generated|sign_div_unsign_3nh:divider|alt_u_div_gke:divider|op_1~0"
Warning (20013): Ignored 21 assignments for entity "DE10_LITE_Default" -- entity does not exist in design
    Warning (20014): Assignment for entity set_instance_assignment -name PARTITION_HIERARCHY root_partition -to | -entity DE10_LITE_Default -section_id Top was ignored
    Warning (20014): Assignment for entity set_global_assignment -name PARTITION_PRESERVE_HIGH_SPEED_TILES ON -entity DE10_LITE_Default -section_id Top was ignored
    Warning (20014): Assignment for entity set_global_assignment -name PARTITION_IGNORE_SOURCE_FILE_CHANGES OFF -entity DE10_LITE_Default -section_id Top was ignored
    Warning (20014): Assignment for entity set_global_assignment -name PARTITION_ALWAYS_USE_QXP_NETLIST OFF -entity DE10_LITE_Default -section_id Top was ignored
    Warning (20014): Assignment for entity set_global_assignment -name PARTITION_IMPORT_ASSIGNMENTS ON -entity DE10_LITE_Default -section_id Top was ignored
    Warning (20014): Assignment for entity set_global_assignment -name PARTITION_IMPORT_EXISTING_ASSIGNMENTS REPLACE_CONFLICTING -entity DE10_LITE_Default -section_id Top was ignored
    Warning (20014): Assignment for entity set_global_assignment -name PARTITION_IMPORT_EXISTING_LOGICLOCK_REGIONS UPDATE_CONFLICTING -entity DE10_LITE_Default -section_id Top was ignored
    Warning (20014): Assignment for entity set_global_assignment -name PARTITION_IMPORT_PIN_ASSIGNMENTS ON -entity DE10_LITE_Default -section_id Top was ignored
    Warning (20014): Assignment for entity set_global_assignment -name PARTITION_IMPORT_PROMOTE_ASSIGNMENTS ON -entity DE10_LITE_Default -section_id Top was ignored
    Warning (20014): Assignment for entity set_global_assignment -name PARTITION_TYPE STANDARD_PARTITION -entity DE10_LITE_Default -section_id Top was ignored
    Warning (20014): Assignment for entity set_global_assignment -name ALLOW_MULTIPLE_PERSONAS OFF -entity DE10_LITE_Default -section_id Top was ignored
    Warning (20014): Assignment for entity set_global_assignment -name PARTITION_ASD_REGION_ID 1 -entity DE10_LITE_Default -section_id Top was ignored
    Warning (20014): Assignment for entity set_global_assignment -name CROSS_BOUNDARY_OPTIMIZATIONS OFF -entity DE10_LITE_Default -section_id Top was ignored
    Warning (20014): Assignment for entity set_global_assignment -name PROPAGATE_CONSTANTS_ON_INPUTS ON -entity DE10_LITE_Default -section_id Top was ignored
    Warning (20014): Assignment for entity set_global_assignment -name PROPAGATE_INVERSIONS_ON_INPUTS ON -entity DE10_LITE_Default -section_id Top was ignored
    Warning (20014): Assignment for entity set_global_assignment -name REMOVE_LOGIC_ON_UNCONNECTED_OUTPUTS ON -entity DE10_LITE_Default -section_id Top was ignored
    Warning (20014): Assignment for entity set_global_assignment -name MERGE_EQUIVALENT_INPUTS ON -entity DE10_LITE_Default -section_id Top was ignored
    Warning (20014): Assignment for entity set_global_assignment -name MERGE_EQUIVALENT_BIDIRS ON -entity DE10_LITE_Default -section_id Top was ignored
    Warning (20014): Assignment for entity set_global_assignment -name ABSORB_PATHS_FROM_OUTPUTS_TO_INPUTS ON -entity DE10_LITE_Default -section_id Top was ignored
    Warning (20014): Assignment for entity set_global_assignment -name PARTITION_EXTRACT_HARD_BLOCK_NODES ON -entity DE10_LITE_Default -section_id Top was ignored
    Warning (20014): Assignment for entity set_global_assignment -name PARTITION_ENABLE_STRICT_PRESERVATION OFF -entity DE10_LITE_Default -section_id Top was ignored
Info (16010): Generating hard_block partition "hard_block:auto_generated_inst"
    Info (16011): Adding 0 node(s), including 0 DDIO, 0 PLL, 0 transceiver and 0 LCELL
Info (21057): Implemented 526 device resources after synthesis - the final resource count might be different
    Info (21058): Implemented 12 input pins
    Info (21059): Implemented 42 output pins
    Info (21061): Implemented 472 logic cells
Info: Quartus Prime Analysis & Synthesis was successful. 0 errors, 23 warnings
    Info: Peak virtual memory: 4830 megabytes
    Info: Processing ended: Tue Jul  8 10:36:46 2025
    Info: Elapsed time: 00:00:20
    Info: Total CPU time (on all processors): 00:00:10


